2026-08-23 19:06:22,030 - INFO - Iniciando inicialização da base de dados...
2026-08-23 19:06:22,138 - INFO - Tabelas criadas com sucesso
2026-08-23 19:06:22,216 - INFO - Migração de colunas concluída
2026-08-23 19:06:22,231 - INFO - Dados iniciais criados com sucesso
2026-08-23 19:06:22,233 - INFO - Base de dados já está na versão mais recente
2026-08-23 19:06:22,234 - INFO - Aplicação iniciada com sucesso
2026-08-23 19:07:14,451 - INFO - Iniciando inicialização da base de dados...
2026-08-23 19:07:14,460 - INFO - Tabelas criadas com sucesso
2026-08-23 19:07:14,551 - INFO - Migração de colunas concluída
2026-08-23 19:07:14,570 - INFO - Dados iniciais criados com sucesso
2026-08-23 19:07:14,571 - INFO - Base de dados já está na versão mais recente
2026-08-23 19:07:14,572 - INFO - Aplicação iniciada com sucesso
2026-08-23 19:07:14,827 - INFO - Iniciando inicialização da base de dados...
2026-08-23 19:07:14,833 - INFO - Tabelas criadas com sucesso
2026-08-23 19:07:14,897 - INFO - Migração de colunas concluída
2026-08-23 19:07:14,910 - INFO - Dados iniciais criados com sucesso
2026-08-23 19:07:14,911 - INFO - Base de dados já está na versão mais recente
2026-08-23 19:07:14,911 - INFO - Aplicação iniciada com sucesso
2026-08-23 19:07:43,124 - INFO - Iniciando inicialização da base de dados...
2026-08-23 19:07:43,129 - INFO - Tabelas criadas com sucesso
2026-08-23 19:07:43,230 - INFO - Migração de colunas concluída
2026-08-23 19:07:43,268 - INFO - Dados iniciais criados com sucesso
2026-08-23 19:07:43,269 - INFO - Base de dados já está na versão mais recente
2026-08-23 19:07:43,271 - INFO - Aplicação iniciada com sucesso
2026-08-23 19:08:00,615 - INFO - Iniciando inicialização da base de dados...
2026-08-23 19:08:00,626 - INFO - Tabelas criadas com sucesso
2026-08-23 19:08:00,746 - INFO - Migração de colunas concluída
2026-08-23 19:08:00,769 - INFO - Dados iniciais criados com sucesso
2026-08-23 19:08:00,772 - INFO - Base de dados já está na versão mais recente
2026-08-23 19:08:00,773 - INFO - Aplicação iniciada com sucesso
2026-08-23 19:08:01,746 - INFO - Iniciando inicialização da base de dados...
2026-08-23 19:08:01,755 - INFO - Tabelas criadas com sucesso
2026-08-23 19:08:01,847 - INFO - Migração de colunas concluída
2026-08-23 19:08:01,862 - INFO - Dados iniciais criados com sucesso
2026-08-23 19:08:01,865 - INFO - Base de dados já está na versão mais recente
2026-08-23 19:08:01,867 - INFO - Aplicação iniciada com sucesso
2026-08-23 19:08:03,745 - INFO - Iniciando inicialização da base de dados...
2026-08-23 19:08:03,750 - INFO - Tabelas criadas com sucesso
2026-08-23 19:08:03,821 - INFO - Migração de colunas concluída
2026-08-23 19:08:03,834 - INFO - Dados iniciais criados com sucesso
2026-08-23 19:08:03,835 - INFO - Base de dados já está na versão mais recente
2026-08-23 19:08:03,835 - INFO - Aplicação iniciada com sucesso
2026-08-23 19:08:13,982 - INFO - Iniciando inicialização da base de dados...
2026-08-23 19:08:13,992 - INFO - Tabelas criadas com sucesso
2026-08-23 19:08:14,088 - INFO - Migração de colunas concluída
2026-08-23 19:08:14,109 - INFO - Dados iniciais criados com sucesso
2026-08-23 19:08:14,110 - INFO - Base de dados já está na versão mais recente
2026-08-23 19:08:14,111 - INFO - Aplicação iniciada com sucesso
2026-08-23 19:16:43,083 - INFO - Iniciando inicialização da base de dados...
2026-08-23 19:16:43,102 - INFO - Tabelas criadas com sucesso
2026-08-23 19:16:43,154 - INFO - Migração de colunas concluída
2026-08-23 19:16:43,217 - INFO - Dados iniciais criados com sucesso
2026-08-23 19:16:43,219 - INFO - Base de dados já está na versão mais recente
2026-08-23 19:16:43,220 - INFO - Aplicação iniciada com sucesso
